[0m17:40:28.191806 [debug] [MainThread]: Sending event: {'category': 'dbt', 'action': 'invocation', 'label': 'start', 'context': [<snowplow_tracker.self_describing_json.SelfDescribingJson object at 0x1061b6540>, <snowplow_tracker.self_describing_json.SelfDescribingJson object at 0x107eff2c0>, <snowplow_tracker.self_describing_json.SelfDescribingJson object at 0x108132cc0>]}


============================== 17:40:28.194898 | a8bc81e7-f12b-4a42-9879-3d0aa2944a1e ==============================
[0m17:40:28.194898 [info ] [MainThread]: Running with dbt=1.12.0
[0m17:40:28.195263 [debug] [MainThread]: running dbt with arguments {'profiles_dir': '/Users/amro/.dbt', 'cache_selected_only': 'False', 'invocation_command': 'dbt init dbt-transforms', 'target_path': 'None', 'warn_error': 'None', 'log_cache_events': 'False', 'partial_parse': 'True', 'write_json': 'True', 'printer_width': '80', 'quiet': 'False', 'debug': 'False', 'use_colors': 'True', 'fail_fast': 'False', 'use_experimental_parser': 'False', 'log_format': 'default', 'static_parser': 'True', 'introspect': 'True', 'version_check': 'True', 'send_anonymous_usage_stats': 'True', 'log_path': 'logs', 'maximum_seed_size_mib': '1', 'empty': 'None', 'warn_error_options': 'WarnErrorOptionsV2(error=[], warn=[], silence=[])', 'indirect_selection': 'eager', 'hints_enabled': 'True', 'no_print': 'None'}
[0m17:40:28.203832 [info ] [MainThread]: Creating dbt configuration folder at /Users/amro/.dbt
[0m17:41:00.670651 [error] [MainThread]: [[31mERROR[0m]: Encountered an error:

[0m17:41:00.689707 [error] [MainThread]: Traceback (most recent call last):
  File "/opt/anaconda3/envs/de-pipeline/lib/python3.12/site-packages/dbt/cli/requires.py", line 190, in wrapper
    result, success = func(*args, **kwargs)
                      ^^^^^^^^^^^^^^^^^^^^^
  File "/opt/anaconda3/envs/de-pipeline/lib/python3.12/site-packages/dbt/cli/requires.py", line 136, in wrapper
    return func(*args, **kwargs)
           ^^^^^^^^^^^^^^^^^^^^^
  File "/opt/anaconda3/envs/de-pipeline/lib/python3.12/site-packages/dbt/cli/main.py", line 503, in init
    results = task.run()
              ^^^^^^^^^^
  File "/opt/anaconda3/envs/de-pipeline/lib/python3.12/site-packages/dbt/task/init.py", line 337, in run
    project_name = self.get_valid_project_name()
                   ^^^^^^^^^^^^^^^^^^^^^^^^^^^^^
  File "/opt/anaconda3/envs/de-pipeline/lib/python3.12/site-packages/dbt/task/init.py", line 280, in get_valid_project_name
    name = click.prompt("Enter a name for your project (letters, digits, underscore)")
           ^^^^^^^^^^^^^^^^^^^^^^^^^^^^^^^^^^^^^^^^^^^^^^^^^^^^^^^^^^^^^^^^^^^^^^^^^^^
  File "/opt/anaconda3/envs/de-pipeline/lib/python3.12/site-packages/click/termui.py", line 218, in prompt
    value = prompt_func(prompt)
            ^^^^^^^^^^^^^^^^^^^
  File "/opt/anaconda3/envs/de-pipeline/lib/python3.12/site-packages/click/termui.py", line 201, in prompt_func
    raise Abort() from None
click.exceptions.Abort

[0m17:41:01.219332 [debug] [MainThread]: Resource report: {"command_name": "init", "command_success": false, "command_wall_clock_time": 33.098484, "process_in_blocks": "0", "process_kernel_time": 0.191054, "process_mem_max_rss": "123469824", "process_out_blocks": "0", "process_user_time": 0.917264}
[0m17:41:01.221070 [debug] [MainThread]: Command `dbt init` failed at 17:41:01.220835 after 33.10 seconds
[0m17:41:01.222359 [debug] [MainThread]: Sending event: {'category': 'dbt', 'action': 'invocation', 'label': 'end', 'context': [<snowplow_tracker.self_describing_json.SelfDescribingJson object at 0x108133290>, <snowplow_tracker.self_describing_json.SelfDescribingJson object at 0x1081cbe00>, <snowplow_tracker.self_describing_json.SelfDescribingJson object at 0x1081cb950>]}
[0m17:41:01.223573 [debug] [MainThread]: Flushing usage events
[0m17:41:02.238536 [debug] [MainThread]: An error was encountered while trying to flush usage events
[0m17:41:12.493889 [debug] [MainThread]: Sending event: {'category': 'dbt', 'action': 'invocation', 'label': 'start', 'context': [<snowplow_tracker.self_describing_json.SelfDescribingJson object at 0x110343aa0>, <snowplow_tracker.self_describing_json.SelfDescribingJson object at 0x11112ef90>, <snowplow_tracker.self_describing_json.SelfDescribingJson object at 0x11112ec00>]}


============================== 17:41:12.497260 | 31c47f7a-3dfd-4680-96b5-7c0900cc70c4 ==============================
[0m17:41:12.497260 [info ] [MainThread]: Running with dbt=1.12.0
[0m17:41:12.497653 [debug] [MainThread]: running dbt with arguments {'write_json': 'True', 'send_anonymous_usage_stats': 'True', 'indirect_selection': 'eager', 'invocation_command': 'dbt init dbt_transforms', 'hints_enabled': 'True', 'maximum_seed_size_mib': '1', 'debug': 'False', 'log_path': 'logs', 'target_path': 'None', 'fail_fast': 'False', 'warn_error': 'None', 'printer_width': '80', 'profiles_dir': '/Users/amro/.dbt', 'use_experimental_parser': 'False', 'version_check': 'True', 'introspect': 'True', 'empty': 'None', 'log_cache_events': 'False', 'no_print': 'None', 'cache_selected_only': 'False', 'quiet': 'False', 'use_colors': 'True', 'static_parser': 'True', 'warn_error_options': 'WarnErrorOptionsV2(error=[], warn=[], silence=[])', 'log_format': 'default', 'partial_parse': 'True'}
[0m17:41:12.507289 [debug] [MainThread]: Starter project path: /opt/anaconda3/envs/de-pipeline/lib/python3.12/site-packages/dbt/include/starter_project
[0m17:41:12.511853 [info ] [MainThread]: Setting up your profile.
[0m17:43:02.328735 [info ] [MainThread]: Profile dbt_transforms written to /Users/amro/.dbt/profiles.yml using target's profile_template.yml and your supplied values.
[0m17:43:02.336416 [info ] [MainThread]: Running dbt debug to validate the project...
[0m17:43:02.338289 [info ] [MainThread]: dbt version: 1.12.0
[0m17:43:02.338878 [info ] [MainThread]: python version: 3.12.13
[0m17:43:02.340196 [info ] [MainThread]: python path: /opt/anaconda3/envs/de-pipeline/bin/python3.12
[0m17:43:02.340793 [info ] [MainThread]: os info: macOS-26.0.1-arm64-arm-64bit
[0m17:43:02.371815 [info ] [MainThread]: Using profiles dir at /Users/amro/.dbt
[0m17:43:02.372112 [info ] [MainThread]: Using profiles.yml file at /Users/amro/.dbt/profiles.yml
[0m17:43:02.372272 [info ] [MainThread]: Using dbt_project.yml file at /Users/amro/OpenCode/github-pipline/dbt_transforms/dbt_project.yml
[0m17:43:02.372893 [info ] [MainThread]: adapter type: postgres
[0m17:43:02.373041 [info ] [MainThread]: adapter version: 1.11.0
[0m17:43:02.435633 [info ] [MainThread]: Configuration:
[0m17:43:02.435933 [info ] [MainThread]:   profiles.yml file [[32mOK found and valid[0m]
[0m17:43:02.436100 [info ] [MainThread]:   dbt_project.yml file [[32mOK found and valid[0m]
[0m17:43:02.436246 [info ] [MainThread]: Required dependencies:
[0m17:43:02.436477 [debug] [MainThread]: Executing "git --help"
[0m17:43:02.469218 [debug] [MainThread]: STDOUT: "b"usage: git [-v | --version] [-h | --help] [-C <path>] [-c <name>=<value>]\n           [--exec-path[=<path>]] [--html-path] [--man-path] [--info-path]\n           [-p | --paginate | -P | --no-pager] [--no-replace-objects] [--no-lazy-fetch]\n           [--no-optional-locks] [--no-advice] [--bare] [--git-dir=<path>]\n           [--work-tree=<path>] [--namespace=<name>] [--config-env=<name>=<envvar>]\n           <command> [<args>]\n\nThese are common Git commands used in various situations:\n\nstart a working area (see also: git help tutorial)\n   clone      Clone a repository into a new directory\n   init       Create an empty Git repository or reinitialize an existing one\n\nwork on the current change (see also: git help everyday)\n   add        Add file contents to the index\n   mv         Move or rename a file, a directory, or a symlink\n   restore    Restore working tree files\n   rm         Remove files from the working tree and from the index\n\nexamine the history and state (see also: git help revisions)\n   bisect     Use binary search to find the commit that introduced a bug\n   diff       Show changes between commits, commit and working tree, etc\n   grep       Print lines matching a pattern\n   log        Show commit logs\n   show       Show various types of objects\n   status     Show the working tree status\n\ngrow, mark and tweak your common history\n   backfill   Download missing objects in a partial clone\n   branch     List, create, or delete branches\n   commit     Record changes to the repository\n   merge      Join two or more development histories together\n   rebase     Reapply commits on top of another base tip\n   reset      Reset current HEAD to the specified state\n   switch     Switch branches\n   tag        Create, list, delete or verify a tag object signed with GPG\n\ncollaborate (see also: git help workflows)\n   fetch      Download objects and refs from another repository\n   pull       Fetch from and integrate with another repository or a local branch\n   push       Update remote refs along with associated objects\n\n'git help -a' and 'git help -g' list available subcommands and some\nconcept guides. See 'git help <command>' or 'git help <concept>'\nto read about a specific subcommand or concept.\nSee 'git help git' for an overview of the system.\n""
[0m17:43:02.469758 [debug] [MainThread]: STDERR: "b''"
[0m17:43:02.469965 [info ] [MainThread]:  - git [[32mOK found[0m]

[0m17:43:02.470144 [info ] [MainThread]: Connection:
[0m17:43:02.470341 [info ] [MainThread]:   host: localhost
[0m17:43:02.470491 [info ] [MainThread]:   port: 5432
[0m17:43:02.470633 [info ] [MainThread]:   user: postgres
[0m17:43:02.470770 [info ] [MainThread]:   database: github_analytics
[0m17:43:02.470902 [info ] [MainThread]:   schema: public
[0m17:43:02.471036 [info ] [MainThread]:   connect_timeout: 10
[0m17:43:02.471162 [info ] [MainThread]:   role: None
[0m17:43:02.471289 [info ] [MainThread]:   search_path: None
[0m17:43:02.471419 [info ] [MainThread]:   keepalives_idle: 0
[0m17:43:02.471544 [info ] [MainThread]:   sslmode: None
[0m17:43:02.471669 [info ] [MainThread]:   sslcert: None
[0m17:43:02.471795 [info ] [MainThread]:   sslkey: None
[0m17:43:02.471918 [info ] [MainThread]:   sslrootcert: None
[0m17:43:02.472044 [info ] [MainThread]:   application_name: dbt
[0m17:43:02.472169 [info ] [MainThread]:   autocommit: False
[0m17:43:02.472292 [info ] [MainThread]:   retries: 1
[0m17:43:02.472716 [info ] [MainThread]: Registered adapter: postgres=1.11.0
[0m17:43:03.041346 [debug] [MainThread]: Acquiring new postgres connection 'debug'
[0m17:43:03.069711 [debug] [MainThread]: Using postgres connection "debug"
[0m17:43:03.069946 [debug] [MainThread]: On debug: select 1 as id
[0m17:43:03.070116 [debug] [MainThread]: Opening a new connection, currently in state init
[0m17:43:03.140089 [debug] [MainThread]: Postgres adapter: Got a retryable error when attempting to open a postgres connection.
1 attempts remaining. Retrying in 0 seconds.
Error:
connection to server at "localhost" (::1), port 5432 failed: Connection refused
	Is the server running on that host and accepting TCP/IP connections?
connection to server at "localhost" (127.0.0.1), port 5432 failed: Connection refused
	Is the server running on that host and accepting TCP/IP connections?

[0m17:43:03.142023 [debug] [MainThread]: Postgres adapter: Error running SQL: select 1 as id
[0m17:43:03.142199 [debug] [MainThread]: Postgres adapter: Rolling back transaction.
[0m17:43:03.142368 [debug] [MainThread]: On debug: No close available on handle
[0m17:43:03.142536 [info ] [MainThread]:   Connection test: [[31mERROR[0m]

[0m17:43:03.142705 [info ] [MainThread]: [31m1 check failed:[0m
[0m17:43:03.142863 [info ] [MainThread]: dbt was unable to connect to the specified database.
The database returned the following error:

  >Database Error
  connection to server at "localhost" (::1), port 5432 failed: Connection refused
  	Is the server running on that host and accepting TCP/IP connections?
  connection to server at "localhost" (127.0.0.1), port 5432 failed: Connection refused
  	Is the server running on that host and accepting TCP/IP connections?
  

Check your database credentials and try again. For more information, visit:
https://docs.getdbt.com/docs/configure-your-profile


[0m17:43:03.143119 [info ] [MainThread]: Your new dbt project "dbt_transforms" was created!
Initialized new project in /Users/amro/OpenCode/github-pipline/dbt_transforms/dbt_transforms

For more information on how to configure the profiles.yml file,
please consult the dbt documentation here:

  https://docs.getdbt.com/docs/configure-your-profile

One more thing:

Need help? Don't hesitate to reach out to us via GitHub issues or on Slack:

  https://community.getdbt.com/

Happy modeling!

[0m17:43:03.143290 [info ] [MainThread]: [31mYour profile may need adjustments. You can find the logs of `dbt debug` above[0m
[0m17:43:03.145896 [debug] [MainThread]: Resource report: {"command_name": "init", "command_success": true, "command_wall_clock_time": 110.712036, "process_in_blocks": "0", "process_kernel_time": 0.277134, "process_mem_max_rss": "121290752", "process_out_blocks": "0", "process_user_time": 0.959104}
[0m17:43:03.146332 [debug] [MainThread]: Command `dbt init` succeeded at 17:43:03.146252 after 110.71 seconds
[0m17:43:03.146817 [debug] [MainThread]: Connection 'debug' was properly closed.
[0m17:43:03.147049 [debug] [MainThread]: Sending event: {'category': 'dbt', 'action': 'invocation', 'label': 'end', 'context': [<snowplow_tracker.self_describing_json.SelfDescribingJson object at 0x11112ee10>, <snowplow_tracker.self_describing_json.SelfDescribingJson object at 0x106a5ea20>, <snowplow_tracker.self_describing_json.SelfDescribingJson object at 0x1111e1f40>]}
[0m17:43:03.147326 [debug] [MainThread]: Flushing usage events
[0m17:43:04.284383 [debug] [MainThread]: An error was encountered while trying to flush usage events
[0m17:46:18.056659 [debug] [MainThread]: Sending event: {'category': 'dbt', 'action': 'invocation', 'label': 'start', 'context': [<snowplow_tracker.self_describing_json.SelfDescribingJson object at 0x104adb740>, <snowplow_tracker.self_describing_json.SelfDescribingJson object at 0x1054bef00>, <snowplow_tracker.self_describing_json.SelfDescribingJson object at 0x1054bebd0>]}


============================== 17:46:18.059977 | 845d6e33-30f1-42ac-9ea7-d9c446d72ab7 ==============================
[0m17:46:18.059977 [info ] [MainThread]: Running with dbt=1.12.0
[0m17:46:18.060339 [debug] [MainThread]: running dbt with arguments {'write_json': 'True', 'indirect_selection': 'eager', 'invocation_command': 'dbt init dbt_transforms', 'empty': 'None', 'use_experimental_parser': 'False', 'hints_enabled': 'True', 'introspect': 'True', 'no_print': 'None', 'printer_width': '80', 'log_format': 'default', 'warn_error_options': 'WarnErrorOptionsV2(error=[], warn=[], silence=[])', 'send_anonymous_usage_stats': 'True', 'partial_parse': 'True', 'cache_selected_only': 'False', 'target_path': 'None', 'maximum_seed_size_mib': '1', 'quiet': 'False', 'warn_error': 'None', 'log_cache_events': 'False', 'static_parser': 'True', 'version_check': 'True', 'profiles_dir': '/Users/amro/.dbt', 'use_colors': 'True', 'log_path': 'logs', 'fail_fast': 'False', 'debug': 'False'}
[0m17:46:18.070658 [debug] [MainThread]: Starter project path: /opt/anaconda3/envs/de-pipeline/lib/python3.12/site-packages/dbt/include/starter_project
[0m17:46:18.075175 [info ] [MainThread]: Setting up your profile.
[0m17:47:51.532767 [info ] [MainThread]: Profile dbt_transforms written to /Users/amro/.dbt/profiles.yml using target's profile_template.yml and your supplied values.
[0m17:47:51.536273 [info ] [MainThread]: Running dbt debug to validate the project...
[0m17:47:51.537433 [info ] [MainThread]: dbt version: 1.12.0
[0m17:47:51.537914 [info ] [MainThread]: python version: 3.12.13
[0m17:47:51.538405 [info ] [MainThread]: python path: /opt/anaconda3/envs/de-pipeline/bin/python3.12
[0m17:47:51.539050 [info ] [MainThread]: os info: macOS-26.0.1-arm64-arm-64bit
[0m17:47:51.571176 [info ] [MainThread]: Using profiles dir at /Users/amro/.dbt
[0m17:47:51.571640 [info ] [MainThread]: Using profiles.yml file at /Users/amro/.dbt/profiles.yml
[0m17:47:51.571932 [info ] [MainThread]: Using dbt_project.yml file at /Users/amro/OpenCode/github-pipline/dbt_transforms/dbt_project.yml
[0m17:47:51.572667 [info ] [MainThread]: adapter type: postgres
[0m17:47:51.573006 [info ] [MainThread]: adapter version: 1.11.0
[0m17:47:51.636770 [info ] [MainThread]: Configuration:
[0m17:47:51.637060 [info ] [MainThread]:   profiles.yml file [[32mOK found and valid[0m]
[0m17:47:51.637225 [info ] [MainThread]:   dbt_project.yml file [[32mOK found and valid[0m]
[0m17:47:51.637372 [info ] [MainThread]: Required dependencies:
[0m17:47:51.637595 [debug] [MainThread]: Executing "git --help"
[0m17:47:51.659518 [debug] [MainThread]: STDOUT: "b"usage: git [-v | --version] [-h | --help] [-C <path>] [-c <name>=<value>]\n           [--exec-path[=<path>]] [--html-path] [--man-path] [--info-path]\n           [-p | --paginate | -P | --no-pager] [--no-replace-objects] [--no-lazy-fetch]\n           [--no-optional-locks] [--no-advice] [--bare] [--git-dir=<path>]\n           [--work-tree=<path>] [--namespace=<name>] [--config-env=<name>=<envvar>]\n           <command> [<args>]\n\nThese are common Git commands used in various situations:\n\nstart a working area (see also: git help tutorial)\n   clone      Clone a repository into a new directory\n   init       Create an empty Git repository or reinitialize an existing one\n\nwork on the current change (see also: git help everyday)\n   add        Add file contents to the index\n   mv         Move or rename a file, a directory, or a symlink\n   restore    Restore working tree files\n   rm         Remove files from the working tree and from the index\n\nexamine the history and state (see also: git help revisions)\n   bisect     Use binary search to find the commit that introduced a bug\n   diff       Show changes between commits, commit and working tree, etc\n   grep       Print lines matching a pattern\n   log        Show commit logs\n   show       Show various types of objects\n   status     Show the working tree status\n\ngrow, mark and tweak your common history\n   backfill   Download missing objects in a partial clone\n   branch     List, create, or delete branches\n   commit     Record changes to the repository\n   merge      Join two or more development histories together\n   rebase     Reapply commits on top of another base tip\n   reset      Reset current HEAD to the specified state\n   switch     Switch branches\n   tag        Create, list, delete or verify a tag object signed with GPG\n\ncollaborate (see also: git help workflows)\n   fetch      Download objects and refs from another repository\n   pull       Fetch from and integrate with another repository or a local branch\n   push       Update remote refs along with associated objects\n\n'git help -a' and 'git help -g' list available subcommands and some\nconcept guides. See 'git help <command>' or 'git help <concept>'\nto read about a specific subcommand or concept.\nSee 'git help git' for an overview of the system.\n""
[0m17:47:51.660073 [debug] [MainThread]: STDERR: "b''"
[0m17:47:51.660260 [info ] [MainThread]:  - git [[32mOK found[0m]

[0m17:47:51.660437 [info ] [MainThread]: Connection:
[0m17:47:51.660622 [info ] [MainThread]:   host: localhost
[0m17:47:51.660769 [info ] [MainThread]:   port: 5432
[0m17:47:51.661008 [info ] [MainThread]:   user: postgres
[0m17:47:51.661178 [info ] [MainThread]:   database: github_analytics
[0m17:47:51.661358 [info ] [MainThread]:   schema: public
[0m17:47:51.661497 [info ] [MainThread]:   connect_timeout: 10
[0m17:47:51.661628 [info ] [MainThread]:   role: None
[0m17:47:51.661759 [info ] [MainThread]:   search_path: None
[0m17:47:51.661889 [info ] [MainThread]:   keepalives_idle: 0
[0m17:47:51.662014 [info ] [MainThread]:   sslmode: None
[0m17:47:51.662143 [info ] [MainThread]:   sslcert: None
[0m17:47:51.662269 [info ] [MainThread]:   sslkey: None
[0m17:47:51.662394 [info ] [MainThread]:   sslrootcert: None
[0m17:47:51.662519 [info ] [MainThread]:   application_name: dbt
[0m17:47:51.662644 [info ] [MainThread]:   autocommit: False
[0m17:47:51.662768 [info ] [MainThread]:   retries: 1
[0m17:47:51.663167 [info ] [MainThread]: Registered adapter: postgres=1.11.0
[0m17:47:51.716957 [debug] [MainThread]: Acquiring new postgres connection 'debug'
[0m17:47:51.742445 [debug] [MainThread]: Using postgres connection "debug"
[0m17:47:51.742693 [debug] [MainThread]: On debug: select 1 as id
[0m17:47:51.742855 [debug] [MainThread]: Opening a new connection, currently in state init
[0m17:47:51.823100 [debug] [MainThread]: SQL status: SELECT 1 in 0.080 seconds
[0m17:47:51.823878 [debug] [MainThread]: On debug: Close
[0m17:47:51.824152 [info ] [MainThread]:   Connection test: [[32mOK connection ok[0m]

[0m17:47:51.824467 [info ] [MainThread]: [32mAll checks passed![0m
[0m17:47:51.824861 [info ] [MainThread]: Your new dbt project "dbt_transforms" was created!
Initialized new project in /Users/amro/OpenCode/github-pipline/dbt_transforms/dbt_transforms

For more information on how to configure the profiles.yml file,
please consult the dbt documentation here:

  https://docs.getdbt.com/docs/configure-your-profile

One more thing:

Need help? Don't hesitate to reach out to us via GitHub issues or on Slack:

  https://community.getdbt.com/

Happy modeling!

[0m17:47:51.827745 [debug] [MainThread]: Resource report: {"command_name": "init", "command_success": true, "command_wall_clock_time": 93.826744, "process_in_blocks": "0", "process_kernel_time": 0.243397, "process_mem_max_rss": "130351104", "process_out_blocks": "0", "process_user_time": 1.012351}
[0m17:47:51.828188 [debug] [MainThread]: Command `dbt init` succeeded at 17:47:51.828115 after 93.83 seconds
[0m17:47:51.828433 [debug] [MainThread]: Connection 'debug' was properly closed.
[0m17:47:51.828692 [debug] [MainThread]: Sending event: {'category': 'dbt', 'action': 'invocation', 'label': 'end', 'context': [<snowplow_tracker.self_describing_json.SelfDescribingJson object at 0x1026509b0>, <snowplow_tracker.self_describing_json.SelfDescribingJson object at 0x1052f6e10>, <snowplow_tracker.self_describing_json.SelfDescribingJson object at 0x1033c5370>]}
[0m17:47:51.828986 [debug] [MainThread]: Flushing usage events
[0m17:47:56.766547 [debug] [MainThread]: An error was encountered while trying to flush usage events
[0m17:48:15.837806 [debug] [MainThread]: Sending event: {'category': 'dbt', 'action': 'invocation', 'label': 'start', 'context': [<snowplow_tracker.self_describing_json.SelfDescribingJson object at 0x10815b2c0>, <snowplow_tracker.self_describing_json.SelfDescribingJson object at 0x108e93ce0>, <snowplow_tracker.self_describing_json.SelfDescribingJson object at 0x108f36cf0>]}


============================== 17:48:15.840859 | 1b89f05a-de9c-4044-aa0d-ab1564ce01e4 ==============================
[0m17:48:15.840859 [info ] [MainThread]: Running with dbt=1.12.0
[0m17:48:15.841221 [debug] [MainThread]: running dbt with arguments {'partial_parse': 'True', 'log_cache_events': 'False', 'log_path': 'logs', 'send_anonymous_usage_stats': 'True', 'fail_fast': 'False', 'target_path': 'None', 'warn_error_options': 'WarnErrorOptionsV2(error=[], warn=[], silence=[])', 'hints_enabled': 'True', 'static_parser': 'True', 'profiles_dir': '/Users/amro/.dbt', 'empty': 'None', 'maximum_seed_size_mib': '1', 'quiet': 'False', 'version_check': 'True', 'indirect_selection': 'eager', 'use_colors': 'True', 'log_format': 'default', 'use_experimental_parser': 'False', 'no_print': 'None', 'write_json': 'True', 'cache_selected_only': 'False', 'debug': 'False', 'introspect': 'True', 'printer_width': '80', 'invocation_command': 'dbt debug', 'warn_error': 'None'}
[0m17:48:15.850658 [info ] [MainThread]: dbt version: 1.12.0
[0m17:48:15.851022 [info ] [MainThread]: python version: 3.12.13
[0m17:48:15.851215 [info ] [MainThread]: python path: /opt/anaconda3/envs/de-pipeline/bin/python3.12
[0m17:48:15.851371 [info ] [MainThread]: os info: macOS-26.0.1-arm64-arm-64bit
[0m17:48:15.892684 [info ] [MainThread]: Using profiles dir at /Users/amro/.dbt
[0m17:48:15.892964 [info ] [MainThread]: Using profiles.yml file at /Users/amro/.dbt/profiles.yml
[0m17:48:15.893124 [info ] [MainThread]: Using dbt_project.yml file at /Users/amro/OpenCode/github-pipline/dbt_project.yml
[0m17:48:15.893449 [info ] [MainThread]: adapter type: postgres
[0m17:48:15.893656 [info ] [MainThread]: adapter version: 1.11.0
[0m17:48:15.893834 [info ] [MainThread]: Configuration:
[0m17:48:15.894000 [info ] [MainThread]:   profiles.yml file [[32mOK found and valid[0m]
[0m17:48:15.894146 [info ] [MainThread]:   dbt_project.yml file [[31mERROR not found[0m]
[0m17:48:15.894278 [info ] [MainThread]: Required dependencies:
[0m17:48:15.894452 [debug] [MainThread]: Executing "git --help"
[0m17:48:15.908427 [debug] [MainThread]: STDOUT: "b"usage: git [-v | --version] [-h | --help] [-C <path>] [-c <name>=<value>]\n           [--exec-path[=<path>]] [--html-path] [--man-path] [--info-path]\n           [-p | --paginate | -P | --no-pager] [--no-replace-objects] [--no-lazy-fetch]\n           [--no-optional-locks] [--no-advice] [--bare] [--git-dir=<path>]\n           [--work-tree=<path>] [--namespace=<name>] [--config-env=<name>=<envvar>]\n           <command> [<args>]\n\nThese are common Git commands used in various situations:\n\nstart a working area (see also: git help tutorial)\n   clone      Clone a repository into a new directory\n   init       Create an empty Git repository or reinitialize an existing one\n\nwork on the current change (see also: git help everyday)\n   add        Add file contents to the index\n   mv         Move or rename a file, a directory, or a symlink\n   restore    Restore working tree files\n   rm         Remove files from the working tree and from the index\n\nexamine the history and state (see also: git help revisions)\n   bisect     Use binary search to find the commit that introduced a bug\n   diff       Show changes between commits, commit and working tree, etc\n   grep       Print lines matching a pattern\n   log        Show commit logs\n   show       Show various types of objects\n   status     Show the working tree status\n\ngrow, mark and tweak your common history\n   backfill   Download missing objects in a partial clone\n   branch     List, create, or delete branches\n   commit     Record changes to the repository\n   merge      Join two or more development histories together\n   rebase     Reapply commits on top of another base tip\n   reset      Reset current HEAD to the specified state\n   switch     Switch branches\n   tag        Create, list, delete or verify a tag object signed with GPG\n\ncollaborate (see also: git help workflows)\n   fetch      Download objects and refs from another repository\n   pull       Fetch from and integrate with another repository or a local branch\n   push       Update remote refs along with associated objects\n\n'git help -a' and 'git help -g' list available subcommands and some\nconcept guides. See 'git help <command>' or 'git help <concept>'\nto read about a specific subcommand or concept.\nSee 'git help git' for an overview of the system.\n""
[0m17:48:15.908932 [debug] [MainThread]: STDERR: "b''"
[0m17:48:15.909116 [info ] [MainThread]:  - git [[32mOK found[0m]

[0m17:48:15.909285 [info ] [MainThread]: Connection:
[0m17:48:15.909462 [info ] [MainThread]:   host: localhost
[0m17:48:15.909599 [info ] [MainThread]:   port: 5432
[0m17:48:15.909724 [info ] [MainThread]:   user: postgres
[0m17:48:15.909848 [info ] [MainThread]:   database: github_analytics
[0m17:48:15.909973 [info ] [MainThread]:   schema: public
[0m17:48:15.910100 [info ] [MainThread]:   connect_timeout: 10
[0m17:48:15.910228 [info ] [MainThread]:   role: None
[0m17:48:15.910348 [info ] [MainThread]:   search_path: None
[0m17:48:15.910469 [info ] [MainThread]:   keepalives_idle: 0
[0m17:48:15.910587 [info ] [MainThread]:   sslmode: None
[0m17:48:15.910789 [info ] [MainThread]:   sslcert: None
[0m17:48:15.910994 [info ] [MainThread]:   sslkey: None
[0m17:48:15.911144 [info ] [MainThread]:   sslrootcert: None
[0m17:48:15.911403 [info ] [MainThread]:   application_name: dbt
[0m17:48:15.911541 [info ] [MainThread]:   autocommit: False
[0m17:48:15.911672 [info ] [MainThread]:   retries: 1
[0m17:48:15.912031 [info ] [MainThread]: Registered adapter: postgres=1.11.0
[0m17:48:15.963303 [debug] [MainThread]: Acquiring new postgres connection 'debug'
[0m17:48:15.987661 [debug] [MainThread]: Using postgres connection "debug"
[0m17:48:15.987902 [debug] [MainThread]: On debug: select 1 as id
[0m17:48:15.988049 [debug] [MainThread]: Opening a new connection, currently in state init
[0m17:48:16.024246 [debug] [MainThread]: SQL status: SELECT 1 in 0.036 seconds
[0m17:48:16.024849 [debug] [MainThread]: On debug: Close
[0m17:48:16.025050 [info ] [MainThread]:   Connection test: [[32mOK connection ok[0m]

[0m17:48:16.025236 [info ] [MainThread]: [31m1 check failed:[0m
[0m17:48:16.025381 [info ] [MainThread]: Project loading failed for the following reason:
 project path </Users/amro/OpenCode/github-pipline/dbt_project.yml> not found

[0m17:48:16.027551 [debug] [MainThread]: Resource report: {"command_name": "debug", "command_success": false, "command_wall_clock_time": 0.23627384, "process_in_blocks": "0", "process_kernel_time": 0.17523, "process_mem_max_rss": "140296192", "process_out_blocks": "0", "process_user_time": 0.827855}
[0m17:48:16.027866 [debug] [MainThread]: Command `dbt debug` failed at 17:48:16.027809 after 0.24 seconds
[0m17:48:16.028075 [debug] [MainThread]: Connection 'debug' was properly closed.
[0m17:48:16.028281 [debug] [MainThread]: Sending event: {'category': 'dbt', 'action': 'invocation', 'label': 'end', 'context': [<snowplow_tracker.self_describing_json.SelfDescribingJson object at 0x108fe26c0>, <snowplow_tracker.self_describing_json.SelfDescribingJson object at 0x108fe2360>, <snowplow_tracker.self_describing_json.SelfDescribingJson object at 0x108fe2510>]}
[0m17:48:16.028513 [debug] [MainThread]: Flushing usage events
[0m17:48:17.111423 [debug] [MainThread]: An error was encountered while trying to flush usage events
